[www.talentprotocol.com/index4149.html]
[backblue.gif]
[fade.gif]
[index.html]
[www.talentprotocol.com/metaimage.jpeg]
[www.talentprotocol.com/index.html]
[www.talentprotocol.com/favicon.ico]
[www.talentprotocol.com/_next/static/media/discover.0f6977f8.png]
[www.talentprotocol.com/_next/static/css/0562d6eafe93748a.css]
[www.talentprotocol.com/_next/static/chunks/polyfills-5cd94c89d3acac5f.js]
[www.talentprotocol.com/_next/static/chunks/webpack-b84a4033ef6e04d9.js]
[www.talentprotocol.com/_next/static/chunks/framework-5f4595e5518b5600.js]
[www.talentprotocol.com/_next/static/chunks/main-b32c6960d3dc9fc9.js]
[www.talentprotocol.com/_next/static/chunks/pages/_app-efe27918aa0cbc49.js]
[www.talentprotocol.com/_next/static/chunks/136-c676b4e32a5f6f10.js]
[www.talentprotocol.com/_next/static/chunks/pages/index-91a923776529c813.js]
[www.talentprotocol.com/_next/static/zbdmT5WPzbctLrORz6wr4/_buildManifest.js]
[www.talentprotocol.com/_next/static/zbdmT5WPzbctLrORz6wr4/_ssgManifest.js]
[www.talentprotocol.com/_next/static/zbdmT5WPzbctLrORz6wr4/_middlewareManifest.js]
[www.talentprotocol.com/fonts/PlusJakartaSans-Regular.ttf]
[www.talentprotocol.com/fonts/PlusJakartaSans-Bold.ttf]
[www.talentprotocol.com/_next/static/media/gradient.95c5ac93.svg]
[www.talentprotocol.com/_next/static/media/celo.2d757bd0.svg]
[www.talentprotocol.com/_next/static/media/polygon.a11c6591.svg]
[www.talentprotocol.com/_next/static/media/gradient2.35558d19.svg]
[www.talentprotocol.com/_next/profile2441.png]
[www.talentprotocol.com/_next/notifications4b2a.png]
[www.talentprotocol.com/_next/nft-card-01b031.png]
[www.talentprotocol.com/_next/static/media/gradient3.cc90fb68.svg]
[www.talentprotocol.com/_next/rewards7885.png]
[www.talentprotocol.com/_next/static/media/gradient4.9936b9fc.svg]
[www.talentprotocol.com/_next/nft-card-02f195.png]
[www.talentprotocol.com/_next/static/media/logoword-light.aa940e2d.svg]
[www.talentprotocol.com/_next/static/media/twitter.f2bbfa53.svg]
[www.talentprotocol.com/_next/static/media/telegram.8a4667ec.svg]
[www.talentprotocol.com/index4149.html]
[www.talentprotocol.com/index.html]
[www.talentprotocol.com/_next/static/media/github.67c73ef0.svg]
[www.talentprotocol.com/_next/static/media/plus-jakarta-sans-latin-400-normal.99a968f7.woff2]
[www.talentprotocol.com/_next/static/media/plus-jakarta-sans-latin-400-normal.8acb6578.woff]
[www.talentprotocol.com/_next/static/css/0562d6eafe93748a.css]
[www.talentprotocol.com/_next/static/media/gradient.95c5ac93.svg]
[www.talentprotocol.com/_next/static/media/celo.2d757bd0.svg]
[www.talentprotocol.com/_next/static/media/polygon.a11c6591.svg]
[www.talentprotocol.com/_next/static/media/gradient2.35558d19.svg]
[www.talentprotocol.com/_next/static/media/gradient3.cc90fb68.svg]
[www.talentprotocol.com/_next/static/media/gradient4.9936b9fc.svg]
[www.talentprotocol.com/_next/static/media/discord-white.3ede47f6.svg]
[www.talentprotocol.com/_next/static/media/logoword-light.aa940e2d.svg]
[www.talentprotocol.com/_next/static/media/twitter.f2bbfa53.svg]
[www.talentprotocol.com/_next/static/media/discord.703138e6.svg]
[www.talentprotocol.com/_next/static/media/telegram.8a4667ec.svg]
[www.talentprotocol.com/_next/static/media/github.67c73ef0.svg]
